2026-04-15 18:17:14,967 [WARNING] Cannot access: C:\Windows\Temp
2026-04-15 18:17:14,967 [WARNING] Cannot access: C:\Windows\Prefetch
2026-04-15 18:17:14,967 [INFO] Scanned temp files: found 12 items
2026-04-15 18:17:14,967 [WARNING] Permission denied: C:\Users\shake\AppData\Local\Temp\1cf7c0e4-5a9f-4816-ae38-b142ea734c8f.tmp
2026-04-15 18:17:14,967 [WARNING] Permission denied: C:\Users\shake\AppData\Local\Temp\4967b5e0-45ac-4b09-ae19-fe55b12ffe64.tmp
2026-04-15 18:17:14,967 [WARNING] Permission denied: C:\Users\shake\AppData\Local\Temp\5831250e-7a79-438e-80e3-c8f893dd67c0.tmp
2026-04-15 18:17:14,968 [INFO] [cleaning] clean_temp: Removed: C:\Users\shake\AppData\Local\Temp\9343b833-e7af-42ea-8a61-31bc41eefe2b (freed: 2654857362B)
2026-04-15 18:17:14,968 [WARNING] Permission denied: C:\Users\shake\AppData\Local\Temp\aa055958-0618-4172-9569-a2977f08ba08.tmp
2026-04-15 18:17:14,968 [WARNING] Permission denied: C:\Users\shake\AppData\Local\Temp\c0acb1ff-8067-413f-9735-1017261e2a03.tmp
2026-04-15 18:17:14,968 [WARNING] Permission denied: C:\Users\shake\AppData\Local\Temp\c900cbcc-2560-469f-970d-6c370d1f981a.tmp
2026-04-15 18:17:14,968 [WARNING] Permission denied: C:\Users\shake\AppData\Local\Temp\d3a5546f-a710-4c6d-ab9b-9a90544acba5.tmp
2026-04-15 18:17:14,969 [WARNING] Permission denied: C:\Users\shake\AppData\Local\Temp\dd752716-4ce5-4fa2-b68d-7a37281e3ab0.tmp
2026-04-15 18:17:14,969 [WARNING] Permission denied: C:\Users\shake\AppData\Local\Temp\f57eba13-7aa3-4945-8b76-f7c5c3f99079.tmp
2026-04-15 18:17:14,969 [INFO] [cleaning] clean_temp: Removed: C:\Users\shake\AppData\Local\Temp\ghub-mmff5nmp.zrk (freed: 17607832B)
2026-04-15 18:17:14,969 [INFO] [cleaning] clean_temp: Removed: C:\Users\shake\AppData\Local\Temp\ghub-rrsdpsi5.gxv (freed: 51314472B)
2026-04-15 18:17:14,979 [INFO] [cleaning] flush_dns: DNS cache flushed (freed: 0B)
2026-04-15 18:17:14,981 [INFO] [cleaning] clean_thumbs: Thumbnail cache cleaned (freed: 6299088B)
2026-04-15 18:17:14,982 [INFO] [cleaning] clean_clipboard: Clipboard cleared (freed: 0B)
2026-04-15 18:17:16,617 [WARNING] Cannot access: C:\Windows\Temp
2026-04-15 18:17:16,617 [WARNING] Cannot access: C:\Windows\Prefetch
2026-04-15 18:17:16,617 [INFO] Scanned temp files: found 12 items
2026-04-15 18:17:16,617 [WARNING] Permission denied: C:\Users\shake\AppData\Local\Temp\1cf7c0e4-5a9f-4816-ae38-b142ea734c8f.tmp
2026-04-15 18:17:16,617 [WARNING] Permission denied: C:\Users\shake\AppData\Local\Temp\4967b5e0-45ac-4b09-ae19-fe55b12ffe64.tmp
2026-04-15 18:17:16,617 [WARNING] Permission denied: C:\Users\shake\AppData\Local\Temp\5831250e-7a79-438e-80e3-c8f893dd67c0.tmp
2026-04-15 18:17:16,618 [INFO] [cleaning] clean_temp: Removed: C:\Users\shake\AppData\Local\Temp\9343b833-e7af-42ea-8a61-31bc41eefe2b (freed: 2656389954B)
2026-04-15 18:17:16,618 [WARNING] Permission denied: C:\Users\shake\AppData\Local\Temp\aa055958-0618-4172-9569-a2977f08ba08.tmp
2026-04-15 18:17:16,618 [WARNING] Permission denied: C:\Users\shake\AppData\Local\Temp\c0acb1ff-8067-413f-9735-1017261e2a03.tmp
2026-04-15 18:17:16,618 [WARNING] Permission denied: C:\Users\shake\AppData\Local\Temp\c900cbcc-2560-469f-970d-6c370d1f981a.tmp
2026-04-15 18:17:16,618 [WARNING] Permission denied: C:\Users\shake\AppData\Local\Temp\d3a5546f-a710-4c6d-ab9b-9a90544acba5.tmp
2026-04-15 18:17:16,618 [WARNING] Permission denied: C:\Users\shake\AppData\Local\Temp\dd752716-4ce5-4fa2-b68d-7a37281e3ab0.tmp
2026-04-15 18:17:16,618 [WARNING] Permission denied: C:\Users\shake\AppData\Local\Temp\f57eba13-7aa3-4945-8b76-f7c5c3f99079.tmp
2026-04-15 18:17:16,619 [INFO] [cleaning] clean_temp: Removed: C:\Users\shake\AppData\Local\Temp\ghub-mmff5nmp.zrk (freed: 17607832B)
2026-04-15 18:17:16,619 [INFO] [cleaning] clean_temp: Removed: C:\Users\shake\AppData\Local\Temp\ghub-rrsdpsi5.gxv (freed: 51314472B)
2026-04-15 18:17:16,627 [INFO] [cleaning] flush_dns: DNS cache flushed (freed: 0B)
2026-04-15 18:17:16,627 [INFO] [cleaning] clean_thumbs: Thumbnail cache cleaned (freed: 0B)
2026-04-15 18:17:16,627 [INFO] [cleaning] clean_clipboard: Clipboard cleared (freed: 0B)
2026-04-15 18:17:20,061 [WARNING] Cannot access: C:\Windows\Temp
2026-04-15 18:17:20,061 [WARNING] Cannot access: C:\Windows\Prefetch
2026-04-15 18:17:20,061 [INFO] Scanned temp files: found 12 items
2026-04-15 18:17:20,061 [WARNING] Permission denied: C:\Users\shake\AppData\Local\Temp\1cf7c0e4-5a9f-4816-ae38-b142ea734c8f.tmp
2026-04-15 18:17:20,061 [WARNING] Permission denied: C:\Users\shake\AppData\Local\Temp\4967b5e0-45ac-4b09-ae19-fe55b12ffe64.tmp
2026-04-15 18:17:20,062 [WARNING] Permission denied: C:\Users\shake\AppData\Local\Temp\5831250e-7a79-438e-80e3-c8f893dd67c0.tmp
2026-04-15 18:17:20,062 [INFO] [cleaning] clean_temp: Removed: C:\Users\shake\AppData\Local\Temp\9343b833-e7af-42ea-8a61-31bc41eefe2b (freed: 2660258086B)
2026-04-15 18:17:20,062 [WARNING] Permission denied: C:\Users\shake\AppData\Local\Temp\aa055958-0618-4172-9569-a2977f08ba08.tmp
2026-04-15 18:17:20,062 [WARNING] Permission denied: C:\Users\shake\AppData\Local\Temp\c0acb1ff-8067-413f-9735-1017261e2a03.tmp
2026-04-15 18:17:20,062 [WARNING] Permission denied: C:\Users\shake\AppData\Local\Temp\c900cbcc-2560-469f-970d-6c370d1f981a.tmp
2026-04-15 18:17:20,062 [WARNING] Permission denied: C:\Users\shake\AppData\Local\Temp\d3a5546f-a710-4c6d-ab9b-9a90544acba5.tmp
2026-04-15 18:17:20,063 [WARNING] Permission denied: C:\Users\shake\AppData\Local\Temp\dd752716-4ce5-4fa2-b68d-7a37281e3ab0.tmp
2026-04-15 18:17:20,063 [WARNING] Permission denied: C:\Users\shake\AppData\Local\Temp\f57eba13-7aa3-4945-8b76-f7c5c3f99079.tmp
2026-04-15 18:17:20,063 [INFO] [cleaning] clean_temp: Removed: C:\Users\shake\AppData\Local\Temp\ghub-mmff5nmp.zrk (freed: 17607832B)
2026-04-15 18:17:20,063 [INFO] [cleaning] clean_temp: Removed: C:\Users\shake\AppData\Local\Temp\ghub-rrsdpsi5.gxv (freed: 51314472B)
2026-04-15 18:17:21,623 [INFO] [cleaning] clean_recycle_bin: Recycle Bin emptied (freed: 0B)
2026-04-15 18:17:21,630 [INFO] [cleaning] flush_dns: DNS cache flushed (freed: 0B)
2026-04-15 18:17:21,633 [INFO] [cleaning] clean_thumbs: Thumbnail cache cleaned (freed: 1056304B)
2026-04-15 18:17:21,633 [INFO] [cleaning] clean_clipboard: Clipboard cleared (freed: 0B)
