2026-04-15 18:21:30,426 [WARNING] Cannot access: C:\Windows\Temp
2026-04-15 18:21:30,426 [WARNING] Cannot access: C:\Windows\Prefetch
2026-04-15 18:21:30,426 [INFO] Scanned temp files: found 18 items
2026-04-15 18:21:30,427 [WARNING] Permission denied: C:\Users\shake\AppData\Local\Temp\0900f161-e533-48bf-88ef-ff2e87dccae7.tmp
2026-04-15 18:21:30,427 [WARNING] Permission denied: C:\Users\shake\AppData\Local\Temp\1cf7c0e4-5a9f-4816-ae38-b142ea734c8f.tmp
2026-04-15 18:21:30,427 [WARNING] Permission denied: C:\Users\shake\AppData\Local\Temp\4967b5e0-45ac-4b09-ae19-fe55b12ffe64.tmp
2026-04-15 18:21:30,427 [WARNING] Permission denied: C:\Users\shake\AppData\Local\Temp\5831250e-7a79-438e-80e3-c8f893dd67c0.tmp
2026-04-15 18:21:30,427 [WARNING] Permission denied: C:\Users\shake\AppData\Local\Temp\6746313c-5d5d-43ce-95fa-5707c6517e4d.tmp
2026-04-15 18:21:30,427 [WARNING] Permission denied: C:\Users\shake\AppData\Local\Temp\90ac4c77-1ec0-4904-a5b6-3884d1cb0777.tmp
2026-04-15 18:21:30,428 [INFO] [cleaning] clean_temp: Removed: C:\Users\shake\AppData\Local\Temp\9343b833-e7af-42ea-8a61-31bc41eefe2b (freed: 3091681032B)
2026-04-15 18:21:30,428 [WARNING] Permission denied: C:\Users\shake\AppData\Local\Temp\aa055958-0618-4172-9569-a2977f08ba08.tmp
2026-04-15 18:21:30,428 [WARNING] Permission denied: C:\Users\shake\AppData\Local\Temp\c0acb1ff-8067-413f-9735-1017261e2a03.tmp
2026-04-15 18:21:30,428 [WARNING] Permission denied: C:\Users\shake\AppData\Local\Temp\c900cbcc-2560-469f-970d-6c370d1f981a.tmp
2026-04-15 18:21:30,429 [INFO] [cleaning] clean_temp: Removed: C:\Users\shake\AppData\Local\Temp\cv_debug.log (freed: 245B)
2026-04-15 18:21:30,429 [WARNING] Permission denied: C:\Users\shake\AppData\Local\Temp\d3a5546f-a710-4c6d-ab9b-9a90544acba5.tmp
2026-04-15 18:21:30,429 [WARNING] Permission denied: C:\Users\shake\AppData\Local\Temp\faae4ead-1a16-4af9-a3b4-36f2f24bb0f2.tmp
2026-04-15 18:21:30,430 [INFO] [cleaning] clean_temp: Removed: C:\Users\shake\AppData\Local\Temp\ghub-mmff5nmp.zrk (freed: 17607832B)
2026-04-15 18:21:30,430 [INFO] [cleaning] clean_temp: Removed: C:\Users\shake\AppData\Local\Temp\ghub-rrsdpsi5.gxv (freed: 51314472B)
2026-04-15 18:21:30,791 [INFO] [cleaning] clean_temp: Removed: C:\Users\shake\AppData\Local\Temp\ReShade (freed: 13632246B)
2026-04-15 18:21:30,809 [INFO] [cleaning] clean_recycle_bin: Recycle Bin emptied (freed: 0B)
2026-04-15 18:21:30,818 [INFO] [cleaning] flush_dns: DNS cache flushed (freed: 0B)
2026-04-15 18:21:30,821 [INFO] [cleaning] clean_thumbs: Thumbnail cache cleaned (freed: 5250536B)
2026-04-15 18:21:30,840 [WARNING] Permission denied: C:\Windows\SoftwareDistribution\Download\bc5743688d0e3b117d600fae4357e798bb492b26
2026-04-15 18:22:22,491 [WARNING] Permission denied: C:\Windows\SoftwareDistribution\Download\ef488e855b50b875137a5d335e4a6a76c186992a
2026-04-15 18:22:24,534 [INFO] [cleaning] clean_wu_cache: Windows Update cache cleaned (freed: 2435209456B)
2026-04-15 18:22:24,538 [WARNING] Permission denied: C:\Windows\Debug\mrt.log
2026-04-15 18:22:24,540 [WARNING] Permission denied: C:\Windows\Debug\NetSetup.LOG
2026-04-15 18:22:24,540 [WARNING] Permission denied: C:\Windows\Debug\sammui.log
2026-04-15 18:22:24,540 [INFO] [cleaning] clean_logs: Old log files cleaned (freed: 0B)
2026-04-15 18:22:24,540 [INFO] [cleaning] clean_clipboard: Clipboard cleared (freed: 0B)
2026-04-15 18:25:10,428 [INFO] Found 14 startup entries
2026-04-15 18:25:19,733 [INFO] [startup] disable_startup: Disabled: OneDrive (freed: 0B)
2026-04-15 18:25:21,455 [INFO] Found 14 startup entries
2026-04-15 18:25:32,177 [INFO] [startup] disable_startup: Disabled: Overwolf (freed: 0B)
2026-04-15 18:25:32,788 [INFO] Found 14 startup entries
2026-04-15 18:26:04,352 [INFO] Found 113 active connections
